[2025-12-16 10:20:40] Iniciando proceso de extracción de grupos y miembros...
[2025-12-16 10:20:41] Generando listado de grupos (Discussion y Security)...
[2025-12-16 10:20:41] Consultando grupos Discussion Forum (Iterando páginas)...
[2025-12-16 10:20:43]    ...Pagina completada, descargando siguiente bloque...
[2025-12-16 10:20:44] Consultando grupos Security (Iterando páginas)...
[2025-12-16 10:20:46] EXITO: Se encontraron     1612 grupos únicos en total (superando el límite de 1000).
[2025-12-16 10:20:46] Procesando grupo 1/    1612: 01_permissions_reviwers@digitalfemsa.com
[2025-12-16 10:20:47] Grupo 01_permissions_reviwers@digitalfemsa.com:        1 usuarios encontrados
[2025-12-16 10:20:47] Procesando grupo 2/    1612: 01_temporal_borrar_17012025@digitalfemsa.com
[2025-12-16 10:20:48] Grupo 01_temporal_borrar_17012025@digitalfemsa.com:        3 usuarios encontrados
[2025-12-16 10:20:48] Procesando grupo 3/    1612: 01_test_perfilamiento_calidad_dg@digitalfemsa.com
[2025-12-16 10:20:49] Grupo 01_test_perfilamiento_calidad_dg@digitalfemsa.com:        2 usuarios encontrados
[2025-12-16 10:20:49] Procesando grupo 4/    1612: 240801migrarmongodbadocumentdb@spin.co
[2025-12-16 10:20:50] Grupo 240801migrarmongodbadocumentdb@spin.co:        1 usuarios encontrados
[2025-12-16 10:20:50] Procesando grupo 5/    1612: 3mosqueteros.legalspinpremia@digitalfemsa.com
[2025-12-16 10:20:52] Grupo 3mosqueteros.legalspinpremia@digitalfemsa.com:        2 usuarios encontrados
[2025-12-16 10:20:52] Procesando grupo 6/    1612: abastecimiento@spin.co
[2025-12-16 10:20:53] Grupo abastecimiento@spin.co:        7 usuarios encontrados
[2025-12-16 10:20:53] Procesando grupo 7/    1612: abastooxg@spin.co
[2025-12-16 10:20:54] Grupo abastooxg@spin.co:        5 usuarios encontrados
[2025-12-16 10:20:54] Procesando grupo 8/    1612: acceso@spin.co
[2025-12-16 10:20:55] Grupo acceso@spin.co:        1 usuarios encontrados
[2025-12-16 10:20:55] Procesando grupo 9/    1612: accesossistemaspc@spin.co
[2025-12-16 10:20:56] Grupo accesossistemaspc@spin.co:        2 usuarios encontrados
[2025-12-16 10:20:56] Procesando grupo 10/    1612: account@spin.co
[2025-12-16 10:20:58] Grupo account@spin.co:       11 usuarios encontrados
[2025-12-16 10:20:58] Procesando grupo 11/    1612: aclara_spei@spin.co
[2025-12-16 10:20:59] Grupo aclara_spei@spin.co:       11 usuarios encontrados
[2025-12-16 10:20:59] Procesando grupo 12/    1612: aclaraciones.b2b@spin.co
[2025-12-16 10:21:00] Grupo aclaraciones.b2b@spin.co:        5 usuarios encontrados
[2025-12-16 10:21:00] Procesando grupo 13/    1612: aclaraciones@spin.co
[2025-12-16 10:21:02] Grupo aclaraciones@spin.co:       14 usuarios encontrados
[2025-12-16 10:21:02] Procesando grupo 14/    1612: aclaracionesspin@spinbyoxxo.com.mx
[2025-12-16 10:21:03] Grupo aclaracionesspin@spinbyoxxo.com.mx: Vacío
[2025-12-16 10:21:03] Procesando grupo 15/    1612: aclaracionesune@spinbyoxxo.com.mx
[2025-12-16 10:21:05] Grupo aclaracionesune@spinbyoxxo.com.mx: Vacío
[2025-12-16 10:21:05] Procesando grupo 16/    1612: aclaracionesyquejas@spin.co
[2025-12-16 10:21:06] Grupo aclaracionesyquejas@spin.co:        3 usuarios encontrados
[2025-12-16 10:21:06] Procesando grupo 17/    1612: acqforpayfacs@spin.co
[2025-12-16 10:21:07] Grupo acqforpayfacs@spin.co:        1 usuarios encontrados
[2025-12-16 10:21:07] Procesando grupo 18/    1612: actionlogpiloto@spin.co
[2025-12-16 10:21:08] Grupo actionlogpiloto@spin.co:        4 usuarios encontrados
[2025-12-16 10:21:08] Procesando grupo 19/    1612: activiadesdrg@spin.co
[2025-12-16 10:21:10] Grupo activiadesdrg@spin.co:        1 usuarios encontrados
[2025-12-16 10:21:10] Procesando grupo 20/    1612: actividades@spinbyoxxo.com.mx
[2025-12-16 10:21:12] Grupo actividades@spinbyoxxo.com.mx: Vacío
[2025-12-16 10:21:12] Procesando grupo 21/    1612: actividades473@spinbyoxxo.com.mx
[2025-12-16 10:21:13] Grupo actividades473@spinbyoxxo.com.mx: Vacío
[2025-12-16 10:21:13] Procesando grupo 22/    1612: actividadesdiarias@spinbyoxxo.com.mx
[2025-12-16 10:21:14] Grupo actividadesdiarias@spinbyoxxo.com.mx: Vacío
[2025-12-16 10:21:14] Procesando grupo 23/    1612: actividadesjorgeheras@spin.co
[2025-12-16 10:21:15] Grupo actividadesjorgeheras@spin.co: Vacío
[2025-12-16 10:21:15] Procesando grupo 24/    1612: actividadesjorgeheras@spinbyoxxo.com.mx
[2025-12-16 10:21:16] Grupo actividadesjorgeheras@spinbyoxxo.com.mx: Vacío
[2025-12-16 10:21:17] Procesando grupo 25/    1612: actividadesseguimientosnetpayinterno@spin.co
[2025-12-16 10:21:18] Grupo actividadesseguimientosnetpayinterno@spin.co:        2 usuarios encontrados
[2025-12-16 10:21:18] Procesando grupo 26/    1612: activities@spinbyoxxo.com.mx
[2025-12-16 10:21:19] Grupo activities@spinbyoxxo.com.mx: Vacío
[2025-12-16 10:21:19] Procesando grupo 27/    1612: actualizacincompropago@spinbyoxxo.com.mx
[2025-12-16 10:21:20] Grupo actualizacincompropago@spinbyoxxo.com.mx: Vacío
[2025-12-16 10:21:20] Procesando grupo 28/    1612: actualizacinmensualdeudis@spinbyoxxo.com.mx
[2025-12-16 10:21:22] Grupo actualizacinmensualdeudis@spinbyoxxo.com.mx: Vacío
[2025-12-16 10:21:22] Procesando grupo 29/    1612: actualizacionmanualcc@spin.co
[2025-12-16 10:21:23] Grupo actualizacionmanualcc@spin.co:        6 usuarios encontrados
[2025-12-16 10:21:23] Procesando grupo 30/    1612: adfaccelerationproject@spin.co
[2025-12-16 10:21:24] Grupo adfaccelerationproject@spin.co:        1 usuarios encontrados
[2025-12-16 10:21:24] Procesando grupo 31/    1612: admintools@spin.co
[2025-12-16 10:21:26] Grupo admintools@spin.co:        8 usuarios encontrados
[2025-12-16 10:21:26] Procesando grupo 32/    1612: adriana@spin.co
[2025-12-16 10:21:27] Grupo adriana@spin.co:        1 usuarios encontrados
[2025-12-16 10:21:27] Procesando grupo 33/    1612: adrianestrada@spin.co
[2025-12-16 10:21:29] Grupo adrianestrada@spin.co:        1 usuarios encontrados
[2025-12-16 10:21:29] Procesando grupo 34/    1612: affinityprogramvolarisspinpremia@spin.co
[2025-12-16 10:21:30] Grupo affinityprogramvolarisspinpremia@spin.co:        5 usuarios encontrados
[2025-12-16 10:21:30] Procesando grupo 35/    1612: alerts-budged-units-noreply@digitalfemsa.com
[2025-12-16 10:21:31] Grupo alerts-budged-units-noreply@digitalfemsa.com:        2 usuarios encontrados
[2025-12-16 10:21:31] Procesando grupo 36/    1612: aliadosspinpremia@spin.co
[2025-12-16 10:21:33] Grupo aliadosspinpremia@spin.co:        1 usuarios encontrados
[2025-12-16 10:21:33] Procesando grupo 37/    1612: alianzasestratgicas@spin.co
[2025-12-16 10:21:34] Grupo alianzasestratgicas@spin.co:        1 usuarios encontrados
[2025-12-16 10:21:34] Procesando grupo 38/    1612: alineacindeactividades-ofertas@spin.co
[2025-12-16 10:21:36] Grupo alineacindeactividades-ofertas@spin.co:        1 usuarios encontrados
[2025-12-16 10:21:36] Procesando grupo 39/    1612: all_internal_users@spin.co
[2025-12-16 10:21:37] Grupo all_internal_users@spin.co:        1 usuarios encontrados
[2025-12-16 10:21:37] Procesando grupo 40/    1612: all-spinbyoxxo@spin.co
[2025-12-16 10:21:38] Grupo all-spinbyoxxo@spin.co:        1 usuarios encontrados
[2025-12-16 10:21:38] Procesando grupo 41/    1612: alldigital@spin.co
[2025-12-16 10:21:44] Grupo alldigital@spin.co:     2238 usuarios encontrados
[2025-12-16 10:21:45] Procesando grupo 42/    1612: alldigitalfemsa@spin.co
[2025-12-16 10:21:46] Grupo alldigitalfemsa@spin.co:      429 usuarios encontrados
[2025-12-16 10:21:47] Procesando grupo 43/    1612: analitycs_vertex_gruop@digitalfemsa.com
[2025-12-16 10:21:48] Grupo analitycs_vertex_gruop@digitalfemsa.com:        1 usuarios encontrados
[2025-12-16 10:21:48] Procesando grupo 44/    1612: analytics_firebase@digitalfemsa.com
[2025-12-16 10:21:49] Grupo analytics_firebase@digitalfemsa.com:        2 usuarios encontrados
[2025-12-16 10:21:49] Procesando grupo 45/    1612: analytics@spinbyoxxo.com.mx
[2025-12-16 10:21:50] Grupo analytics@spinbyoxxo.com.mx: Vacío
[2025-12-16 10:21:50] Procesando grupo 46/    1612: analytics485@spinbyoxxo.com.mx
[2025-12-16 10:21:51] Grupo analytics485@spinbyoxxo.com.mx: Vacío
[2025-12-16 10:21:51] Procesando grupo 47/    1612: analyticsb2c@spin.co
[2025-12-16 10:21:52] Grupo analyticsb2c@spin.co:        1 usuarios encontrados
[2025-12-16 10:21:52] Procesando grupo 48/    1612: analyticsformplanner@spin.co
[2025-12-16 10:21:54] Grupo analyticsformplanner@spin.co:        3 usuarios encontrados
[2025-12-16 10:21:54] Procesando grupo 49/    1612: anasoporte@spin.co
[2025-12-16 10:21:55] Grupo anasoporte@spin.co:        1 usuarios encontrados
[2025-12-16 10:21:55] Procesando grupo 50/    1612: andattidrive@spin.co
[2025-12-16 10:21:56] Grupo andattidrive@spin.co:        1 usuarios encontrados
[2025-12-16 10:21:56] Procesando grupo 51/    1612: andattidrivewow@spin.co
[2025-12-16 10:21:57] Grupo andattidrivewow@spin.co:        1 usuarios encontrados
[2025-12-16 10:21:57] Procesando grupo 52/    1612: andattidrivewow2023@spin.co
[2025-12-16 10:21:59] Grupo andattidrivewow2023@spin.co:        1 usuarios encontrados
[2025-12-16 10:21:59] Procesando grupo 53/    1612: andromeda@spinbyoxxo.com.mx
[2025-12-16 10:22:00] Grupo andromeda@spinbyoxxo.com.mx:        4 usuarios encontrados
[2025-12-16 10:22:00] Procesando grupo 54/    1612: anlisisderiesgos2023@spinbyoxxo.com.mx
[2025-12-16 10:22:01] Grupo anlisisderiesgos2023@spinbyoxxo.com.mx: Vacío
[2025-12-16 10:22:01] Procesando grupo 55/    1612: anlisisydefinicindeitems@spin.co
[2025-12-16 10:22:02] Grupo anlisisydefinicindeitems@spin.co: Vacío
[2025-12-16 10:22:02] Procesando grupo 56/    1612: api-admin-ti@spin.co
[2025-12-16 10:22:03] Grupo api-admin-ti@spin.co: Vacío
[2025-12-16 10:22:03] Procesando grupo 57/    1612: apifirst@spin.co
[2025-12-16 10:22:05] Grupo apifirst@spin.co:        7 usuarios encontrados
[2025-12-16 10:22:05] Procesando grupo 58/    1612: apigeeproxy@digitalfemsa.com
[2025-12-16 10:22:06] Grupo apigeeproxy@digitalfemsa.com: Vacío
[2025-12-16 10:22:06] Procesando grupo 59/    1612: apimanager@spin.co
[2025-12-16 10:22:07] Grupo apimanager@spin.co:        1 usuarios encontrados
[2025-12-16 10:22:07] Procesando grupo 60/    1612: apollo-tagging@spin.co
[2025-12-16 10:22:08] Grupo apollo-tagging@spin.co:       11 usuarios encontrados
[2025-12-16 10:22:08] Procesando grupo 61/    1612: application.support.service@spin.co
[2025-12-16 10:22:09] Grupo application.support.service@spin.co: Vacío
[2025-12-16 10:22:09] Procesando grupo 62/    1612: appvengersteam@spin.co
[2025-12-16 10:22:10] Grupo appvengersteam@spin.co:        2 usuarios encontrados
[2025-12-16 10:22:10] Procesando grupo 63/    1612: aprobacion_dynamics@spin.co
[2025-12-16 10:22:11] Grupo aprobacion_dynamics@spin.co: Vacío
[2025-12-16 10:22:11] Procesando grupo 64/    1612: aprobaciones@spinbyoxxo.com.mx
[2025-12-16 10:22:12] Grupo aprobaciones@spinbyoxxo.com.mx: Vacío
[2025-12-16 10:22:12] Procesando grupo 65/    1612: aquila-team@spinbyoxxo.com.mx
[2025-12-16 10:22:13] Grupo aquila-team@spinbyoxxo.com.mx: Vacío
[2025-12-16 10:22:13] Procesando grupo 66/    1612: aquila@spinbyoxxo.com.mx
[2025-12-16 10:22:14] Grupo aquila@spinbyoxxo.com.mx: Vacío
[2025-12-16 10:22:14] Procesando grupo 67/    1612: architecture@spin.co
[2025-12-16 10:22:15] Grupo architecture@spin.co:       20 usuarios encontrados
[2025-12-16 10:22:15] Procesando grupo 68/    1612: archivos@spinbyoxxo.com.mx
[2025-12-16 10:22:16] Grupo archivos@spinbyoxxo.com.mx: Vacío
[2025-12-16 10:22:16] Procesando grupo 69/    1612: archivoscompartidos@spinbyoxxo.com.mx
[2025-12-16 10:22:18] Grupo archivoscompartidos@spinbyoxxo.com.mx: Vacío
[2025-12-16 10:22:18] Procesando grupo 70/    1612: archivospowerbioxg@spin.co
[2025-12-16 10:22:19] Grupo archivospowerbioxg@spin.co:        2 usuarios encontrados
[2025-12-16 10:22:19] Procesando grupo 71/    1612: arquitectura@spinbyoxxo.com.mx
[2025-12-16 10:22:20] Grupo arquitectura@spinbyoxxo.com.mx: Vacío
[2025-12-16 10:22:20] Procesando grupo 72/    1612: arquitecturadigital@spin.co
[2025-12-16 10:22:21] Grupo arquitecturadigital@spin.co:        3 usuarios encontrados
[2025-12-16 10:22:21] Procesando grupo 73/    1612: arquitecturaspin@spinbyoxxo.com.mx
[2025-12-16 10:22:22] Grupo arquitecturaspin@spinbyoxxo.com.mx: Vacío
[2025-12-16 10:22:22] Procesando grupo 74/    1612: artesgeneralesali@spinbyoxxo.com.mx
[2025-12-16 10:22:23] Grupo artesgeneralesali@spinbyoxxo.com.mx: Vacío
[2025-12-16 10:22:23] Procesando grupo 75/    1612: artesparrillaspinpremia@spin.co
[2025-12-16 10:22:24] Grupo artesparrillaspinpremia@spin.co:        9 usuarios encontrados
[2025-12-16 10:22:24] Procesando grupo 76/    1612: as@spinbyoxxo.com.mx
[2025-12-16 10:22:25] Grupo as@spinbyoxxo.com.mx: Vacío
[2025-12-16 10:22:25] Procesando grupo 77/    1612: asesorescdmx@spinbyoxxo.com.mx
[2025-12-16 10:22:26] Grupo asesorescdmx@spinbyoxxo.com.mx: Vacío
[2025-12-16 10:22:26] Procesando grupo 78/    1612: asistencia_b2b@spin.co
[2025-12-16 10:22:27] Grupo asistencia_b2b@spin.co:        1 usuarios encontrados
[2025-12-16 10:22:27] Procesando grupo 79/    1612: asistencia.b2b@spin.co
[2025-12-16 10:22:29] Grupo asistencia.b2b@spin.co:        1 usuarios encontrados
[2025-12-16 10:22:29] Procesando grupo 80/    1612: atencion@spinnegocios.com
[2025-12-16 10:22:30] Grupo atencion@spinnegocios.com: Vacío
[2025-12-16 10:22:30] Procesando grupo 81/    1612: atencionautoridadesycumplimientonormativo@spinbyoxxo.com.mx
[2025-12-16 10:22:31] Grupo atencionautoridadesycumplimientonormativo@spinbyoxxo.com.mx: Vacío
[2025-12-16 10:22:31] Procesando grupo 82/    1612: auditora@spin.co
[2025-12-16 10:22:32] Grupo auditora@spin.co:        1 usuarios encontrados
[2025-12-16 10:22:32] Procesando grupo 83/    1612: auditorainterna-b2b@spin.co
[2025-12-16 10:22:33] Grupo auditorainterna-b2b@spin.co:        2 usuarios encontrados
[2025-12-16 10:22:33] Procesando grupo 84/    1612: auditoras@spin.co
[2025-12-16 10:22:34] Grupo auditoras@spin.co:        1 usuarios encontrados
[2025-12-16 10:22:34] Procesando grupo 85/    1612: auditoriacnbv@spin.co
[2025-12-16 10:22:35] Grupo auditoriacnbv@spin.co:        1 usuarios encontrados
[2025-12-16 10:22:35] Procesando grupo 86/    1612: auditoriacomisionistaoxxo@spinbyoxxo.com.mx
[2025-12-16 10:22:36] Grupo auditoriacomisionistaoxxo@spinbyoxxo.com.mx: Vacío
[2025-12-16 10:22:36] Procesando grupo 87/    1612: auditoriainterna@spin.co
[2025-12-16 10:22:37] Grupo auditoriainterna@spin.co:        3 usuarios encontrados
[2025-12-16 10:22:37] Procesando grupo 88/    1612: auditoriainternafemsa@spinbyoxxo.com.mx
[2025-12-16 10:22:38] Grupo auditoriainternafemsa@spinbyoxxo.com.mx: Vacío
[2025-12-16 10:22:38] Procesando grupo 89/    1612: auditoriaproveedores2024@spinbyoxxo.com.mx
[2025-12-16 10:22:40] Grupo auditoriaproveedores2024@spinbyoxxo.com.mx: Vacío
[2025-12-16 10:22:40] Procesando grupo 90/    1612: auditorias@spinbyoxxo.com.mx
[2025-12-16 10:22:41] Grupo auditorias@spinbyoxxo.com.mx: Vacío
[2025-12-16 10:22:41] Procesando grupo 91/    1612: auditoriasspei2023@spin.co
[2025-12-16 10:22:42] Grupo auditoriasspei2023@spin.co:        8 usuarios encontrados
[2025-12-16 10:22:42] Procesando grupo 92/    1612: automationpermisos@spin.co
[2025-12-16 10:22:43] Grupo automationpermisos@spin.co:        2 usuarios encontrados
[2025-12-16 10:22:43] Procesando grupo 93/    1612: autorizaciones@spinbyoxxo.com.mx
[2025-12-16 10:22:44] Grupo autorizaciones@spinbyoxxo.com.mx: Vacío
[2025-12-16 10:22:44] Procesando grupo 94/    1612: avancecapoxxogas@spin.co
[2025-12-16 10:22:45] Grupo avancecapoxxogas@spin.co:        3 usuarios encontrados
[2025-12-16 10:22:45] Procesando grupo 95/    1612: avisos.autoridades@spin.co
[2025-12-16 10:22:46] Grupo avisos.autoridades@spin.co:        3 usuarios encontrados
[2025-12-16 10:22:46] Procesando grupo 96/    1612: avisos.legal@spin.co
[2025-12-16 10:22:47] Grupo avisos.legal@spin.co:        2 usuarios encontrados
[2025-12-16 10:22:47] Procesando grupo 97/    1612: aws_root_conekta@spin.co
[2025-12-16 10:22:48] Grupo aws_root_conekta@spin.co: Vacío
[2025-12-16 10:22:48] Procesando grupo 98/    1612: ayuda@arrendadores.efectigo.com
[2025-12-16 10:22:49] Grupo ayuda@arrendadores.efectigo.com: Vacío
[2025-12-16 10:22:49] Procesando grupo 99/    1612: ayuda@efectigo.com
[2025-12-16 10:22:51] Grupo ayuda@efectigo.com:        6 usuarios encontrados
[2025-12-16 10:22:51] Procesando grupo 100/    1612: ayuda@spincredit.com.mx
[2025-12-16 10:22:52] Grupo ayuda@spincredit.com.mx:        5 usuarios encontrados
[2025-12-16 10:22:52] Procesando grupo 101/    1612: ayudaoxxopay@spin.co
[2025-12-16 10:22:53] Grupo ayudaoxxopay@spin.co:        1 usuarios encontrados
[2025-12-16 10:22:53] Procesando grupo 102/    1612: ayudaoxxopay1@spinnegocios.com
[2025-12-16 10:22:54] Grupo ayudaoxxopay1@spinnegocios.com: Vacío
[2025-12-16 10:22:54] Procesando grupo 103/    1612: b2b_apigee_dev@digitalfemsa.com
[2025-12-16 10:22:55] Grupo b2b_apigee_dev@digitalfemsa.com:        1 usuarios encontrados
[2025-12-16 10:22:55] Procesando grupo 104/    1612: b2b_cash_platform@spin.co
[2025-12-16 10:22:56] Grupo b2b_cash_platform@spin.co:        2 usuarios encontrados
[2025-12-16 10:22:56] Procesando grupo 105/    1612: b2b_composer_dev@digitalfemsa.com
[2025-12-16 10:22:57] Grupo b2b_composer_dev@digitalfemsa.com:        2 usuarios encontrados
[2025-12-16 10:22:57] Procesando grupo 106/    1612: b2b_data_viewer@digitalfemsa.com
[2025-12-16 10:22:58] Grupo b2b_data_viewer@digitalfemsa.com:        4 usuarios encontrados
[2025-12-16 10:22:58] Procesando grupo 107/    1612: b2b_dataflow_dev@digitalfemsa.com
[2025-12-16 10:22:59] Grupo b2b_dataflow_dev@digitalfemsa.com:        1 usuarios encontrados
[2025-12-16 10:22:59] Procesando grupo 108/    1612: b2b_dataplex_businessdatastewards@digitalfemsa.com
[2025-12-16 10:23:00] Grupo b2b_dataplex_businessdatastewards@digitalfemsa.com: Vacío
[2025-12-16 10:23:00] Procesando grupo 109/    1612: b2b_paloit_development@digitalfemsa.com
[2025-12-16 10:23:02] Grupo b2b_paloit_development@digitalfemsa.com: Vacío
[2025-12-16 10:23:02] Procesando grupo 110/    1612: b2b_spin_data_restricted@digitalfemsa.com
[2025-12-16 10:23:04] Grupo b2b_spin_data_restricted@digitalfemsa.com:        1 usuarios encontrados
[2025-12-16 10:23:04] Procesando grupo 111/    1612: b2b-devops@spin.co
[2025-12-16 10:23:05] Grupo b2b-devops@spin.co:        3 usuarios encontrados
[2025-12-16 10:23:05] Procesando grupo 112/    1612: b2b-dp@spin.co
[2025-12-16 10:23:06] Grupo b2b-dp@spin.co:        6 usuarios encontrados
[2025-12-16 10:23:06] Procesando grupo 113/    1612: b2b-mms@spin.co
[2025-12-16 10:23:07] Grupo b2b-mms@spin.co:        2 usuarios encontrados
[2025-12-16 10:23:07] Procesando grupo 114/    1612: b2b@spin.co
[2025-12-16 10:23:08] Grupo b2b@spin.co:        2 usuarios encontrados
[2025-12-16 10:23:08] Procesando grupo 115/    1612: b2b2c-netpay-premia@spin.co
[2025-12-16 10:23:09] Grupo b2b2c-netpay-premia@spin.co:        1 usuarios encontrados
[2025-12-16 10:23:09] Procesando grupo 116/    1612: b2b327@spin.co
[2025-12-16 10:23:10] Grupo b2b327@spin.co:        9 usuarios encontrados
[2025-12-16 10:23:10] Procesando grupo 117/    1612: b2bdollyprdrefinedread@digitalfemsa.com
[2025-12-16 10:23:11] Grupo b2bdollyprdrefinedread@digitalfemsa.com: Vacío
[2025-12-16 10:23:11] Procesando grupo 118/    1612: b2bexternaldevelopmentteam@digitalfemsa.com
[2025-12-16 10:23:12] Grupo b2bexternaldevelopmentteam@digitalfemsa.com: Vacío
[2025-12-16 10:23:12] Procesando grupo 119/    1612: b2bmiddlemarket@spin.co
[2025-12-16 10:23:14] Grupo b2bmiddlemarket@spin.co:       20 usuarios encontrados
[2025-12-16 10:23:14] Procesando grupo 120/    1612: b2bpremia-podinstitucional@spin.co
[2025-12-16 10:23:15] Grupo b2bpremia-podinstitucional@spin.co:        5 usuarios encontrados
[2025-12-16 10:23:15] Procesando grupo 121/    1612: b2bsp@spin.co
[2025-12-16 10:23:16] Grupo b2bsp@spin.co:        6 usuarios encontrados
[2025-12-16 10:23:16] Procesando grupo 122/    1612: b2cmarketing@spin.co
[2025-12-16 10:23:17] Grupo b2cmarketing@spin.co: Vacío
[2025-12-16 10:23:17] Procesando grupo 123/    1612: backendleads@spinbyoxxo.com.mx
[2025-12-16 10:23:18] Grupo backendleads@spinbyoxxo.com.mx: Vacío
[2025-12-16 10:23:18] Procesando grupo 124/    1612: backloglending20productodev@spin.co
[2025-12-16 10:23:20] Grupo backloglending20productodev@spin.co:        4 usuarios encontrados
[2025-12-16 10:23:20] Procesando grupo 125/    1612: backlogmobile@spin.co
[2025-12-16 10:23:21] Grupo backlogmobile@spin.co:        3 usuarios encontrados
[2025-12-16 10:23:21] Procesando grupo 126/    1612: backlogspinkio@spin.co
[2025-12-16 10:23:22] Grupo backlogspinkio@spin.co:        1 usuarios encontrados
[2025-12-16 10:23:22] Procesando grupo 127/    1612: backofficcedf@spin.co
[2025-12-16 10:23:24] Grupo backofficcedf@spin.co:        5 usuarios encontrados
[2025-12-16 10:23:24] Procesando grupo 128/    1612: backoffice@spin.co
[2025-12-16 10:23:25] Grupo backoffice@spin.co:       22 usuarios encontrados
[2025-12-16 10:23:25] Procesando grupo 129/    1612: backoffice1@spinbyoxxo.com.mx
[2025-12-16 10:23:26] Grupo backoffice1@spinbyoxxo.com.mx: Vacío
[2025-12-16 10:23:26] Procesando grupo 130/    1612: bannersapp@spin.co
[2025-12-16 10:23:28] Grupo bannersapp@spin.co:        3 usuarios encontrados
[2025-12-16 10:23:28] Procesando grupo 131/    1612: basedocumentalti@spinbyoxxo.com.mx
[2025-12-16 10:23:29] Grupo basedocumentalti@spinbyoxxo.com.mx: Vacío
[2025-12-16 10:23:29] Procesando grupo 132/    1612: bauproducto@spinbyoxxo.com.mx
[2025-12-16 10:23:30] Grupo bauproducto@spinbyoxxo.com.mx: Vacío
[2025-12-16 10:23:30] Procesando grupo 133/    1612: bauproducto345@spinbyoxxo.com.mx
[2025-12-16 10:23:32] Grupo bauproducto345@spinbyoxxo.com.mx: Vacío
[2025-12-16 10:23:32] Procesando grupo 134/    1612: bcp@spinbyoxxo.com.mx
[2025-12-16 10:23:33] Grupo bcp@spinbyoxxo.com.mx: Vacío
[2025-12-16 10:23:33] Procesando grupo 135/    1612: beneficioscanal@spin.co
[2025-12-16 10:23:35] Grupo beneficioscanal@spin.co:       17 usuarios encontrados
[2025-12-16 10:23:35] Procesando grupo 136/    1612: bibliotecademarcayvideo@spinbyoxxo.com.mx
[2025-12-16 10:23:36] Grupo bibliotecademarcayvideo@spinbyoxxo.com.mx: Vacío
[2025-12-16 10:23:36] Procesando grupo 137/    1612: bibliotecamarketing@spin.co
[2025-12-16 10:23:37] Grupo bibliotecamarketing@spin.co:        2 usuarios encontrados
[2025-12-16 10:23:37] Procesando grupo 138/    1612: billing_readonly@digitalfemsa.com
[2025-12-16 10:23:39] Grupo billing_readonly@digitalfemsa.com:        9 usuarios encontrados
[2025-12-16 10:23:39] Procesando grupo 139/    1612: bitacorapf@spinbyoxxo.com.mx
[2025-12-16 10:23:40] Grupo bitacorapf@spinbyoxxo.com.mx: Vacío
[2025-12-16 10:23:40] Procesando grupo 140/    1612: bizops_digitalfemsa@spin.co
[2025-12-16 10:23:41] Grupo bizops_digitalfemsa@spin.co:        6 usuarios encontrados
[2025-12-16 10:23:41] Procesando grupo 141/    1612: bjbjk@spinbyoxxo.com.mx
[2025-12-16 10:23:43] Grupo bjbjk@spinbyoxxo.com.mx: Vacío
[2025-12-16 10:23:43] Procesando grupo 142/    1612: bloqueodesbloqueodeformamasiva@spinbyoxxo.com.mx
[2025-12-16 10:23:44] Grupo bloqueodesbloqueodeformamasiva@spinbyoxxo.com.mx: Vacío
[2025-12-16 10:23:44] Procesando grupo 143/    1612: boletosexperienciasymomentoswow@spin.co
[2025-12-16 10:23:45] Grupo boletosexperienciasymomentoswow@spin.co:        1 usuarios encontrados
[2025-12-16 10:23:45] Procesando grupo 144/    1612: boveda@spinbyoxxo.com.mx
[2025-12-16 10:23:46] Grupo boveda@spinbyoxxo.com.mx: Vacío
[2025-12-16 10:23:46] Procesando grupo 145/    1612: bpaas_bo@spin.co
[2025-12-16 10:23:48] Grupo bpaas_bo@spin.co:        5 usuarios encontrados
[2025-12-16 10:23:48] Procesando grupo 146/    1612: bpaas@spin.co
[2025-12-16 10:23:49] Grupo bpaas@spin.co:        3 usuarios encontrados
[2025-12-16 10:23:49] Procesando grupo 147/    1612: bpspinpremia@spin.co
[2025-12-16 10:23:50] Grupo bpspinpremia@spin.co:        3 usuarios encontrados
[2025-12-16 10:23:50] Procesando grupo 148/    1612: brandingspinplus@spin.co
[2025-12-16 10:23:51] Grupo brandingspinplus@spin.co:        3 usuarios encontrados
[2025-12-16 10:23:51] Procesando grupo 149/    1612: brandonhernandez@spin.co
[2025-12-16 10:23:52] Grupo brandonhernandez@spin.co:        1 usuarios encontrados
[2025-12-16 10:23:52] Procesando grupo 150/    1612: braze@spin.co
[2025-12-16 10:23:54] Grupo braze@spin.co:        3 usuarios encontrados
[2025-12-16 10:23:54] Procesando grupo 151/    1612: braze2@spin.co
[2025-12-16 10:23:55] Grupo braze2@spin.co:        6 usuarios encontrados
[2025-12-16 10:23:55] Procesando grupo 152/    1612: bugbuster@spin.co
[2025-12-16 10:23:56] Grupo bugbuster@spin.co:        4 usuarios encontrados
[2025-12-16 10:23:56] Procesando grupo 153/    1612: businessanalyticsdash@spin.co
[2025-12-16 10:23:57] Grupo businessanalyticsdash@spin.co:        2 usuarios encontrados
[2025-12-16 10:23:57] Procesando grupo 154/    1612: buzon@spin.co
[2025-12-16 10:23:59] Grupo buzon@spin.co:        3 usuarios encontrados
[2025-12-16 10:23:59] Procesando grupo 155/    1612: buzonderechosarco@spin.co
[2025-12-16 10:24:00] Grupo buzonderechosarco@spin.co:        6 usuarios encontrados
[2025-12-16 10:24:00] Procesando grupo 156/    1612: calendarcrm@spin.co
[2025-12-16 10:24:01] Grupo calendarcrm@spin.co:        1 usuarios encontrados
[2025-12-16 10:24:01] Procesando grupo 157/    1612: calendariodataengineer@spin.co
[2025-12-16 10:24:02] Grupo calendariodataengineer@spin.co: Vacío
[2025-12-16 10:24:02] Procesando grupo 158/    1612: calendarioferprez@spin.co
[2025-12-16 10:24:04] Grupo calendarioferprez@spin.co:        1 usuarios encontrados
[2025-12-16 10:24:04] Procesando grupo 159/    1612: calendariopocpersonalloans@spin.co
[2025-12-16 10:24:04] ERROR: No se pudieron obtener los miembros del grupo calendariopocpersonalloans@spin.co
[2025-12-16 10:24:04] Proceso completado. Archivos generados:
[2025-12-16 10:24:04] - Grupos: daf_groups_16-12-2025-10-20-37.csv
[2025-12-16 10:24:04] - Miembros: daf_members_by_group_16-12-2025-10-20-37.csv
[2025-12-16 10:24:04] - Log: daf_grupos_usuarios_daf_16-12-2025-10-20-37.log
[2025-12-16 10:24:04] Limpiando archivos temporales...
